// Jest Snapshot v1, https://goo.gl/fbAQLP

exports[`Should correctly render login page 1`] = `
<div
  className="box-layout"
>
  <div
    className="box-layout__box"
  >
    <h1
      className="box-layout__title"
    >
      Expensify
    </h1>
    <p>
      It's time to get your expenses under control
    </p>
    <button
      className="button button--shadow button--login"
    >
      <img
        className="button--icon"
        src="/images/google-icon.jpeg"
      />
      <span>
        Login with Google
      </span>
    </button>
    <button
      className="button button--shadow button--login"
      disabled={true}
      onClick={[Function]}
    >
      <img
        className="button--icon"
        src="/images/facebook-icon.jpg"
      />
      <span>
        Login with Facebook
      </span>
    </button>
    <button
      className="button button--shadow button--login"
    >
      <img
        className="button--icon"
        src="/images/github-icon.png"
      />
      <span>
        Login with GitHub
      </span>
    </button>
  </div>
</div>
`;
